n=300 fly params 3693 | before training (random MLP) 5.8
epoch   1 loss 2.603 test 9.8 feat_sd 0.77 (1 min)
epoch   3 loss 2.365 test 13.7 feat_sd 0.78 (1 min)
epoch   5 loss 2.187 test 19.0 feat_sd 0.78 (2 min)
epoch   7 loss 1.968 test 20.3 feat_sd 0.78 (2 min)
epoch   9 loss 1.716 test 23.7 feat_sd 0.79 (3 min)
epoch  11 loss 1.490 test 25.2 feat_sd 0.79 (3 min)
epoch  13 loss 1.262 test 29.2 feat_sd 0.80 (4 min)
epoch  15 loss 1.140 test 29.3 feat_sd 0.80 (4 min)
epoch  17 loss 0.949 test 31.4 feat_sd 0.81 (5 min)
epoch  19 loss 0.841 test 31.2 feat_sd 0.81 (5 min)
FINAL n=300 fine-tuned fly 31.22  (frozen fly / HR / CNN at n=300: 35.8 / 74.4 / 27.1)
n=1000 fly params 3693 | before training (random MLP) 4.2
epoch   1 loss 2.635 test 16.9 feat_sd 0.75 (2 min)
epoch   3 loss 2.268 test 30.1 feat_sd 0.76 (3 min)
epoch   5 loss 1.842 test 44.2 feat_sd 0.78 (4 min)
epoch   7 loss 1.455 test 57.9 feat_sd 0.80 (5 min)
epoch   9 loss 1.143 test 66.8 feat_sd 0.81 (6 min)
epoch  11 loss 0.904 test 69.3 feat_sd 0.82 (7 min)
epoch  13 loss 0.897 test 69.9 feat_sd 0.82 (9 min)
epoch  15 loss 0.877 test 71.8 feat_sd 0.80 (10 min)
epoch  17 loss 0.932 test 66.2 feat_sd 0.79 (11 min)
epoch  19 loss 0.913 test 69.2 feat_sd 0.77 (12 min)
FINAL n=1000 fine-tuned fly 69.22  (frozen fly / HR / CNN at n=300: 35.8 / 74.4 / 27.1)
n=2100 fly params 3693 | before training (random MLP) 7.4
epoch   1 loss 2.471 test 29.3 feat_sd 0.77 (3 min)
epoch   3 loss 1.731 test 58.8 feat_sd 0.82 (5 min)
epoch   5 loss 1.204 test 72.2 feat_sd 0.83 (7 min)
epoch   7 loss 1.139 test 70.0 feat_sd 0.80 (9 min)
epoch   9 loss 1.178 test 68.6 feat_sd 0.76 (12 min)
epoch  11 loss 1.205 test 69.3 feat_sd 0.74 (14 min)
epoch  13 loss 1.211 test 70.9 feat_sd 0.72 (16 min)
epoch  15 loss 1.195 test 68.2 feat_sd 0.72 (18 min)
epoch  17 loss 1.243 test 66.1 feat_sd 0.73 (20 min)
epoch  19 loss 1.173 test 68.1 feat_sd 0.74 (22 min)
FINAL n=2100 fine-tuned fly 68.11  (frozen fly / HR / CNN at n=300: 35.8 / 74.4 / 27.1)
ALL DONE
